---
source: crates/tte-core/tests/render_wireframe.rs
expression: frame.to_string()
---
                                                                                
                                                                                
                                                                                
                                                                                
                                                                                
                                                                                
                                   ##########                                   
                             ###### ####     ########                           
                          ########## #  ##    ##### #                           
                          ###     ############ ##   #                           
                          #  #   #    #    ####    #                            
                           #  ###     #   ## #     #                            
                           #    #     # ## #  ##   #                            
                           #   # ##  ####  #    #  #                            
                           #  #   ###    ######  ##                             
                            ######  #   ###########                             
                            ############  #     ##                              
                               ####    #  #   ##                                
                                   ######## ##                                  
                                        ####
