---
source: crates/tte-cli/tests/e2e_render.rs
expression: text
---
                                                                                
                                                                                
                                                                                
                                                                                
                                                                                
                                   ,,,,                                         
                                ,,,,----,,,,,,,,,,,                             
                              ,,,,--~~~~~~--------,                             
                           ,,,,---~~::::::::~~~~---                             
                         ,,,,---~~~::;;;;;;::::~~~~                             
                         ,----~~~::;;=====;;;::::~~                             
                          -~~~~::;;;==!!====;;;;:::                             
                           ~:::;;;==!!======;;;;;;:                             
                            :;;;==!!======;;;;;;:::                             
                             ;===!======;;;;::::~~                              
                              =!=====;;;;::::~~~                                
                                 ;;;;::::~~~~--                                 
                                      ~~~----,                                  
                                           ,,
